Conectando ao banco de dados: sqlite://...
Traceback (most recent call last):
  File "launcher.py", line 107, in <module>
  File "launcher.py", line 98, in main
  File "uvicorn\main.py", line 577, in run
  File "uvicorn\server.py", line 65, in run
  File "asyncio\runners.py", line 194, in run
  File "asyncio\runners.py", line 118, in run
  File "asyncio\base_events.py", line 687, in run_until_complete
  File "uvicorn\server.py", line 69, in serve
  File "uvicorn\server.py", line 76, in _serve
  File "uvicorn\config.py", line 434, in load
  File "uvicorn\importer.py", line 19, in import_from_string
  File "importlib\__init__.py", line 90, in import_module
  File "<frozen importlib._bootstrap>", line 1387, in _gcd_import
  File "<frozen importlib._bootstrap>", line 1360, in _find_and_load
  File "<frozen importlib._bootstrap>", line 1331, in _find_and_load_unlocked
  File "<frozen importlib._bootstrap>", line 935, in _load_unlocked
  File "pyimod02_importers.py", line 457, in exec_module
  File "main.py", line 61, in <module>
  File "starlette\staticfiles.py", line 56, in __init__
RuntimeError: Directory 'static' does not exist
Conectando ao banco de dados: sqlite://...
pydantic\_internal\_config.py:383: UserWarning: Valid config keys have changed in V2:
* 'orm_mode' has been renamed to 'from_attributes'
